// Jest Snapshot v1, https://goo.gl/fbAQLP

exports[`About.vue renders correctly 1`] = `
<el-row
  gutter="12"
>
  <el-col
    span="24"
  >
    <el-card
      shadow="always"
    >
      <div
        class="desc"
      >
        <div>
          <p>
            Todo App
          </p>
        </div>
         
        <!---->
         
        <div>
          <p>
            The Todo app lets user to add, update and remove the Todo items from the list dynamically. Todo list items persist
    even after refresh of the app. Contents are being served from local JSON file.
          </p>
        </div>
         
        <!---->
      </div>
    </el-card>
  </el-col>
</el-row>
`;
